Collecting asgiref==3.6.0 (from -r requirements.txt (line 1))
  Using cached asgiref-3.6.0-py3-none-any.whl.metadata (9.2 kB)
Collecting certifi==2022.12.7 (from -r requirements.txt (line 2))
  Using cached certifi-2022.12.7-py3-none-any.whl.metadata (2.9 kB)
Collecting cffi==1.15.1 (from -r requirements.txt (line 3))
  Using cached cffi-1.15.1.tar.gz (508 kB)
  Installing build dependencies: started
  Installing build dependencies: finished with status 'done'
  Getting requirements to build wheel: started
  Getting requirements to build wheel: finished with status 'error'
  error: subprocess-exited-with-error
  
  Getting requirements to build wheel did not run successfully.
  exit code: 1
  
  [39 lines of output]
  Traceback (most recent call last):
    File "D:\Online-Learning-Management-System\Online-Learning-Management-System\OnlineLearningManagementSystem\venv\Lib\site-packages\pip\_vendor\pyproject_hooks\_in_process\_in_process.py", line 389, in <module>
      main()
      ~~~~^^
    File "D:\Online-Learning-Management-System\Online-Learning-Management-System\OnlineLearningManagementSystem\venv\Lib\site-packages\pip\_vendor\pyproject_hooks\_in_process\_in_process.py", line 373, in main
      json_out["return_val"] = hook(**hook_input["kwargs"])
                               ~~~~^^^^^^^^^^^^^^^^^^^^^^^^
    File "D:\Online-Learning-Management-System\Online-Learning-Management-System\OnlineLearningManagementSystem\venv\Lib\site-packages\pip\_vendor\pyproject_hooks\_in_process\_in_process.py", line 143, in get_requires_for_build_wheel
      return hook(config_settings)
    File "C:\Users\BHARATH\AppData\Local\Temp\pip-build-env-i5p5e5iy\overlay\Lib\site-packages\setuptools\build_meta.py", line 333, in get_requires_for_build_wheel
      return self._get_build_requires(config_settings, requirements=[])
             ~~~~~~~~~~~~~~~~~~~~~~~~^^^^^^^^^^^^^^^^^^^^^^^^^^^^^^^^^^
    File "C:\Users\BHARATH\AppData\Local\Temp\pip-build-env-i5p5e5iy\overlay\Lib\site-packages\setuptools\build_meta.py", line 301, in _get_build_requires
      self.run_setup()
      ~~~~~~~~~~~~~~^^
    File "C:\Users\BHARATH\AppData\Local\Temp\pip-build-env-i5p5e5iy\overlay\Lib\site-packages\setuptools\build_meta.py", line 520, in run_setup
      super().run_setup(setup_script=setup_script)
      ~~~~~~~~~~~~~~~~~^^^^^^^^^^^^^^^^^^^^^^^^^^^
    File "C:\Users\BHARATH\AppData\Local\Temp\pip-build-env-i5p5e5iy\overlay\Lib\site-packages\setuptools\build_meta.py", line 317, in run_setup
      exec(code, locals())
      ~~~~^^^^^^^^^^^^^^^^
    File "<string>", line 126, in <module>
    File "<string>", line 105, in uses_msvc
    File "C:\Users\BHARATH\AppData\Local\Temp\pip-build-env-i5p5e5iy\overlay\Lib\site-packages\setuptools\_distutils\command\config.py", line 203, in try_compile
      self._compile(body, headers, include_dirs, lang)
      ~~~~~~~~~~~~~^^^^^^^^^^^^^^^^^^^^^^^^^^^^^^^^^^^
    File "C:\Users\BHARATH\AppData\Local\Temp\pip-build-env-i5p5e5iy\overlay\Lib\site-packages\setuptools\_distutils\command\config.py", line 127, in _compile
      self.compiler.compile([src], include_dirs=include_dirs)
      ~~~~~~~~~~~~~~~~~~~~~^^^^^^^^^^^^^^^^^^^^^^^^^^^^^^^^^^
    File "C:\Users\BHARATH\AppData\Local\Temp\pip-build-env-i5p5e5iy\overlay\Lib\site-packages\setuptools\_distutils\compilers\C\msvc.py", line 384, in compile
      self.initialize()
      ~~~~~~~~~~~~~~~^^
    File "C:\Users\BHARATH\AppData\Local\Temp\pip-build-env-i5p5e5iy\overlay\Lib\site-packages\setuptools\_distutils\compilers\C\msvc.py", line 294, in initialize
      vc_env = _get_vc_env(plat_spec)
    File "C:\Users\BHARATH\AppData\Local\Temp\pip-build-env-i5p5e5iy\overlay\Lib\site-packages\setuptools\_distutils\compilers\C\msvc.py", line 155, in _get_vc_env
      raise DistutilsPlatformError(
      ...<3 lines>...
      )
  distutils.errors.DistutilsPlatformError: Microsoft Visual C++ 14.0 or greater is required. Get it with "Microsoft C++ Build Tools": https://visualstudio.microsoft.com/visual-cpp-build-tools/
  [end of output]
  
  note: This error originates from a subprocess, and is likely not a problem with pip.

[notice] A new release of pip is available: 25.2 -> 26.0.1
[notice] To update, run: python.exe -m pip install --upgrade pip
error: subprocess-exited-with-error

Getting requirements to build wheel did not run successfully.
exit code: 1

See above for output.

note: This error originates from a subprocess, and is likely not a problem with pip.
