System check identified some issues:

WARNINGS:
?: settings.ACCOUNT_EMAIL_REQUIRED is deprecated, use: settings.ACCOUNT_SIGNUP_FIELDS = ['email*', 'username*', 'password1*', 'password2*']
?: settings.ACCOUNT_LOGIN_ATTEMPTS_LIMIT/TIMEOUT is deprecated, use: settings.ACCOUNT_RATE_LIMITS['login_failed']

System check identified 2 issues (0 silenced).
[09/Mar/2026 22:36:47] "GET /accounts/login/ HTTP/1.1" 500 145
[09/Mar/2026 22:37:20] "GET /accounts/login/ HTTP/1.1" 500 145
Performing system checks...


You have 10 unapplied migration(s). Your project may not work properly until you apply the migrations for app(s): account, socialaccount.
Run 'python manage.py migrate' to apply them.
March 09, 2026 - 22:36:29
Django version 6.0.3, using settings 'skillmate.settings'
Starting development server at http://127.0.0.1:8000/
Quit the server with CTRL-BREAK.

WARNING: This is a development server. Do not use it in a production setting. Use a production WSGI or ASGI server instead.
For more information on production servers see: https://docs.djangoproject.com/en/6.0/howto/deployment/
Watching for file changes with StatReloader
System check identified some issues:

WARNINGS:
?: settings.ACCOUNT_EMAIL_REQUIRED is deprecated, use: settings.ACCOUNT_SIGNUP_FIELDS = ['email*', 'username*', 'password1*', 'password2*']
?: settings.ACCOUNT_LOGIN_ATTEMPTS_LIMIT/TIMEOUT is deprecated, use: settings.ACCOUNT_RATE_LIMITS['login_failed']

System check identified 2 issues (0 silenced).
Internal Server Error: /accounts/login/
Traceback (most recent call last):
  File "D:\Online-Learning-Management-System\Online-Learning-Management-System\OnlineLearningManagementSystem\venv\Lib\site-packages\django\db\backends\utils.py", line 105, in _execute
    return self.cursor.execute(sql, params)
           ^^^^^^^^^^^^^^^^^^^^^^^^^^^^^^^^
  File "D:\Online-Learning-Management-System\Online-Learning-Management-System\OnlineLearningManagementSystem\venv\Lib\site-packages\django\db\backends\sqlite3\base.py", line 359, in execute
    return super().execute(query, params)
           ^^^^^^^^^^^^^^^^^^^^^^^^^^^^^^
sqlite3.OperationalError: no such column: socialaccount_socialapp.provider_id

The above exception was the direct cause of the following exception:

Traceback (most recent call last):
  File "D:\Online-Learning-Management-System\Online-Learning-Management-System\OnlineLearningManagementSystem\venv\Lib\site-packages\django\core\handlers\exception.py", line 55, in inner
    response = get_response(request)
               ^^^^^^^^^^^^^^^^^^^^^
  File "D:\Online-Learning-Management-System\Online-Learning-Management-System\OnlineLearningManagementSystem\venv\Lib\site-packages\django\core\handlers\base.py", line 221, in _get_response
    response = response.render()
               ^^^^^^^^^^^^^^^^^
  File "D:\Online-Learning-Management-System\Online-Learning-Management-System\OnlineLearningManagementSystem\venv\Lib\site-packages\django\template\response.py", line 114, in render
    self.content = self.rendered_content
                   ^^^^^^^^^^^^^^^^^^^^^
  File "D:\Online-Learning-Management-System\Online-Learning-Management-System\OnlineLearningManagementSystem\venv\Lib\site-packages\django\template\response.py", line 92, in rendered_content
    return template.render(context, self._request)
           ^^^^^^^^^^^^^^^^^^^^^^^^^^^^^^^^^^^^^^^
  File "D:\Online-Learning-Management-System\Online-Learning-Management-System\OnlineLearningManagementSystem\venv\Lib\site-packages\django\template\backends\django.py", line 107, in render
    return self.template.render(context)
           ^^^^^^^^^^^^^^^^^^^^^^^^^^^^^
  File "D:\Online-Learning-Management-System\Online-Learning-Management-System\OnlineLearningManagementSystem\venv\Lib\site-packages\django\template\base.py", line 174, in render
    return self._render(context)
           ^^^^^^^^^^^^^^^^^^^^^
  File "D:\Online-Learning-Management-System\Online-Learning-Management-System\OnlineLearningManagementSystem\venv\Lib\site-packages\django\template\base.py", line 166, in _render
    return self.nodelist.render(context)
           ^^^^^^^^^^^^^^^^^^^^^^^^^^^^^
  File "D:\Online-Learning-Management-System\Online-Learning-Management-System\OnlineLearningManagementSystem\venv\Lib\site-packages\django\template\base.py", line 1091, in render
    return SafeString("".join([node.render_annotated(context) for node in self]))
                               ^^^^^^^^^^^^^^^^^^^^^^^^^^^^^^
  File "D:\Online-Learning-Management-System\Online-Learning-Management-System\OnlineLearningManagementSystem\venv\Lib\site-packages\django\template\base.py", line 1052, in render_annotated
    return self.render(context)
           ^^^^^^^^^^^^^^^^^^^^
  File "D:\Online-Learning-Management-System\Online-Learning-Management-System\OnlineLearningManagementSystem\venv\Lib\site-packages\django\template\loader_tags.py", line 160, in render
    return compiled_parent._render(context)
           ^^^^^^^^^^^^^^^^^^^^^^^^^^^^^^^^
  File "D:\Online-Learning-Management-System\Online-Learning-Management-System\OnlineLearningManagementSystem\venv\Lib\site-packages\django\template\base.py", line 166, in _render
    return self.nodelist.render(context)
           ^^^^^^^^^^^^^^^^^^^^^^^^^^^^^
  File "D:\Online-Learning-Management-System\Online-Learning-Management-System\OnlineLearningManagementSystem\venv\Lib\site-packages\django\template\base.py", line 1091, in render
    return SafeString("".join([node.render_annotated(context) for node in self]))
                               ^^^^^^^^^^^^^^^^^^^^^^^^^^^^^^
  File "D:\Online-Learning-Management-System\Online-Learning-Management-System\OnlineLearningManagementSystem\venv\Lib\site-packages\django\template\base.py", line 1052, in render_annotated
    return self.render(context)
           ^^^^^^^^^^^^^^^^^^^^
  File "D:\Online-Learning-Management-System\Online-Learning-Management-System\OnlineLearningManagementSystem\venv\Lib\site-packages\django\template\loader_tags.py", line 66, in render
    result = block.nodelist.render(context)
             ^^^^^^^^^^^^^^^^^^^^^^^^^^^^^^
  File "D:\Online-Learning-Management-System\Online-Learning-Management-System\OnlineLearningManagementSystem\venv\Lib\site-packages\django\template\base.py", line 1091, in render
    return SafeString("".join([node.render_annotated(context) for node in self]))
                               ^^^^^^^^^^^^^^^^^^^^^^^^^^^^^^
  File "D:\Online-Learning-Management-System\Online-Learning-Management-System\OnlineLearningManagementSystem\venv\Lib\site-packages\django\template\base.py", line 1052, in render_annotated
    return self.render(context)
           ^^^^^^^^^^^^^^^^^^^^
  File "D:\Online-Learning-Management-System\Online-Learning-Management-System\OnlineLearningManagementSystem\venv\Lib\site-packages\django\template\library.py", line 325, in render
    output = self.func(*resolved_args, **resolved_kwargs)
             ^^^^^^^^^^^^^^^^^^^^^^^^^^^^^^^^^^^^^^^^^^^^
  File "D:\Online-Learning-Management-System\Online-Learning-Management-System\OnlineLearningManagementSystem\venv\Lib\site-packages\allauth\socialaccount\templatetags\socialaccount.py", line 80, in get_providers
    providers = adapter.list_providers(request)
                ^^^^^^^^^^^^^^^^^^^^^^^^^^^^^^^
  File "D:\Online-Learning-Management-System\Online-Learning-Management-System\OnlineLearningManagementSystem\venv\Lib\site-packages\allauth\socialaccount\adapter.py", line 189, in list_providers
    apps = self.list_apps(request)
           ^^^^^^^^^^^^^^^^^^^^^^^
  File "D:\Online-Learning-Management-System\Online-Learning-Management-System\OnlineLearningManagementSystem\venv\Lib\site-packages\allauth\socialaccount\adapter.py", line 247, in list_apps
    for app in db_apps:
               ^^^^^^^
  File "D:\Online-Learning-Management-System\Online-Learning-Management-System\OnlineLearningManagementSystem\venv\Lib\site-packages\django\db\models\query.py", line 390, in __iter__
    self._fetch_all()
  File "D:\Online-Learning-Management-System\Online-Learning-Management-System\OnlineLearningManagementSystem\venv\Lib\site-packages\django\db\models\query.py", line 2000, in _fetch_all
    self._result_cache = list(self._iterable_class(self))
                         ^^^^^^^^^^^^^^^^^^^^^^^^^^^^^^^^
  File "D:\Online-Learning-Management-System\Online-Learning-Management-System\OnlineLearningManagementSystem\venv\Lib\site-packages\django\db\models\query.py", line 95, in __iter__
    results = compiler.execute_sql(
              ^^^^^^^^^^^^^^^^^^^^^
  File "D:\Online-Learning-Management-System\Online-Learning-Management-System\OnlineLearningManagementSystem\venv\Lib\site-packages\django\db\models\sql\compiler.py", line 1624, in execute_sql
    cursor.execute(sql, params)
  File "D:\Online-Learning-Management-System\Online-Learning-Management-System\OnlineLearningManagementSystem\venv\Lib\site-packages\django\db\backends\utils.py", line 122, in execute
    return super().execute(sql, params)
           ^^^^^^^^^^^^^^^^^^^^^^^^^^^^
  File "D:\Online-Learning-Management-System\Online-Learning-Management-System\OnlineLearningManagementSystem\venv\Lib\site-packages\django\db\backends\utils.py", line 79, in execute
    return self._execute_with_wrappers(
           ^^^^^^^^^^^^^^^^^^^^^^^^^^^^
  File "D:\Online-Learning-Management-System\Online-Learning-Management-System\OnlineLearningManagementSystem\venv\Lib\site-packages\django\db\backends\utils.py", line 92, in _execute_with_wrappers
    return executor(sql, params, many, context)
           ^^^^^^^^^^^^^^^^^^^^^^^^^^^^^^^^^^^^
  File "D:\Online-Learning-Management-System\Online-Learning-Management-System\OnlineLearningManagementSystem\venv\Lib\site-packages\django\db\backends\utils.py", line 100, in _execute
    with self.db.wrap_database_errors:
         ^^^^^^^^^^^^^^^^^^^^^^^^^^^^
  File "D:\Online-Learning-Management-System\Online-Learning-Management-System\OnlineLearningManagementSystem\venv\Lib\site-packages\django\db\utils.py", line 94, in __exit__
    raise dj_exc_value.with_traceback(traceback) from exc_value
  File "D:\Online-Learning-Management-System\Online-Learning-Management-System\OnlineLearningManagementSystem\venv\Lib\site-packages\django\db\backends\utils.py", line 105, in _execute
    return self.cursor.execute(sql, params)
           ^^^^^^^^^^^^^^^^^^^^^^^^^^^^^^^^
  File "D:\Online-Learning-Management-System\Online-Learning-Management-System\OnlineLearningManagementSystem\venv\Lib\site-packages\django\db\backends\sqlite3\base.py", line 359, in execute
    return super().execute(query, params)
           ^^^^^^^^^^^^^^^^^^^^^^^^^^^^^^
django.db.utils.OperationalError: no such column: socialaccount_socialapp.provider_id
[09/Mar/2026 22:37:54] "GET /accounts/login/ HTTP/1.1" 500 234827
[09/Mar/2026 22:38:23] "GET /accounts/login/ HTTP/1.1" 200 31668
D:\Online-Learning-Management-System\Online-Learning-Management-System\OnlineLearningManagementSystem\skillmate\settings.py changed, reloading.
Performing system checks...


You have 10 unapplied migration(s). Your project may not work properly until you apply the migrations for app(s): account, socialaccount.
Run 'python manage.py migrate' to apply them.
March 09, 2026 - 22:37:33
Django version 6.0.3, using settings 'skillmate.settings'
Starting development server at http://127.0.0.1:8000/
Quit the server with CTRL-BREAK.

WARNING: This is a development server. Do not use it in a production setting. Use a production WSGI or ASGI server instead.
For more information on production servers see: https://docs.djangoproject.com/en/6.0/howto/deployment/
System check identified some issues:

WARNINGS:
?: settings.ACCOUNT_EMAIL_REQUIRED is deprecated, use: settings.ACCOUNT_SIGNUP_FIELDS = ['email*', 'username*', 'password1*', 'password2*']
?: settings.ACCOUNT_LOGIN_ATTEMPTS_LIMIT/TIMEOUT is deprecated, use: settings.ACCOUNT_RATE_LIMITS['login_failed']

System check identified 2 issues (0 silenced).
[09/Mar/2026 22:41:23] "GET /accounts/signup/ HTTP/1.1" 200 32041
[09/Mar/2026 22:41:23] "GET /static/css/style.css HTTP/1.1" 304 0
[09/Mar/2026 22:41:23] "GET /static/js/script.js HTTP/1.1" 304 0
[09/Mar/2026 22:41:24] "GET /static/img/signup-img.webp HTTP/1.1" 200 1849816
[09/Mar/2026 22:41:49] "POST /accounts/signup/ HTTP/1.1" 302 0
[09/Mar/2026 22:41:49] "GET / HTTP/1.1" 200 46487
[09/Mar/2026 22:41:49] "GET /static/img/hero-image.webp HTTP/1.1" 304 0
[09/Mar/2026 22:41:49] "GET /static/img/testimonial-img.webp HTTP/1.1" 304 0
[09/Mar/2026 22:41:49] "GET /static/img/hero-bg.png HTTP/1.1" 404 179
[09/Mar/2026 22:41:57] "GET /dashboard/home HTTP/1.1" 301 0
[09/Mar/2026 22:41:57] "GET /dashboard/home/ HTTP/1.1" 200 17582
[09/Mar/2026 22:41:57] "GET /static/img/menu.svg HTTP/1.1" 200 284
[09/Mar/2026 22:41:57] "GET /static/img/close.svg HTTP/1.1" 200 181
[09/Mar/2026 22:41:57] "GET /static/img/down.svg HTTP/1.1" 200 278
[09/Mar/2026 22:41:57] "GET /static/img/heart.svg HTTP/1.1" 200 647
[09/Mar/2026 22:41:57] "GET /static/img/up.svg HTTP/1.1" 200 277
[09/Mar/2026 22:41:59] "GET /dashboard/courses-uploaded HTTP/1.1" 301 0
[09/Mar/2026 22:41:59] "GET /dashboard/courses-uploaded/ HTTP/1.1" 200 16824
[09/Mar/2026 22:44:53] "GET /accounts/signup/ HTTP/1.1" 302 0
[09/Mar/2026 22:44:53] "GET / HTTP/1.1" 200 46487
[09/Mar/2026 22:44:53] "GET /static/img/hero-image.webp HTTP/1.1" 304 0
[09/Mar/2026 22:44:53] "GET /static/css/style.css HTTP/1.1" 304 0
[09/Mar/2026 22:44:53] "GET /static/js/script.js HTTP/1.1" 304 0
[09/Mar/2026 22:44:53] "GET /static/img/testimonial-img.webp HTTP/1.1" 304 0
[09/Mar/2026 22:44:53] "GET /static/img/hero-bg.png HTTP/1.1" 404 179
[09/Mar/2026 22:45:06] "GET /courses HTTP/1.1" 301 0
[09/Mar/2026 22:45:06] "GET /courses/ HTTP/1.1" 200 36363
[09/Mar/2026 22:45:09] "GET /ashish/course/full-stack-web-development-with-projects/ HTTP/1.1" 200 45593
[09/Mar/2026 22:45:11] "POST /ashish/course/full-stack-web-development-with-projects/ HTTP/1.1" 302 0
[09/Mar/2026 22:45:11] "GET /ashish/course/full-stack-web-development-with-projects/ HTTP/1.1" 200 43756
[09/Mar/2026 22:45:21] "GET /dashboard/home/ HTTP/1.1" 200 17582
[09/Mar/2026 22:45:21] "GET /static/img/menu.svg HTTP/1.1" 304 0
[09/Mar/2026 22:45:21] "GET /static/img/close.svg HTTP/1.1" 304 0
[09/Mar/2026 22:45:21] "GET /static/img/down.svg HTTP/1.1" 304 0
[09/Mar/2026 22:45:21] "GET /static/img/up.svg HTTP/1.1" 304 0
[09/Mar/2026 22:45:21] "GET /static/img/heart.svg HTTP/1.1" 304 0
